
Copyright (C) 1994-2020 Synopsys, Inc.
This Synopsys software and all associated documentation are proprietary to Synopsys, Inc.
and may only be used pursuant to the terms and conditions of a written license agreement
with Synopsys, Inc. All other use, reproduction, modification, or distribution of the
Synopsys software or the associated documentation is strictly prohibited.
Tool: Synplify Pro (R)
Build: P-2019.09G-1
Install: D:\Gowin\Gowin_V1.9.5.02Beta\SynplifyPro
OS: Windows 6.2

Hostname: DESKTOP-AP2159I

Implementation : rev_1

# Written on Thu May 14 09:55:03 2020

##### DESIGN INFO #######################################################

Top View:                "DVI_TX_Top"
Constraint File(s):      (none)




##### SUMMARY ############################################################

Found 0 issues in 0 out of 0 constraints


##### DETAILS ############################################################



Clock Relationships
*******************

Starting                 Ending                   |     rise to rise     |     fall to fall     |     rise to fall     |     fall to rise                     
-------------------------------------------------------------------------------------------------------------------------------------------------------------
System                   DVI_TX_Top|I_rgb_clk     |     13.104           |     No paths         |     No paths         |     No paths                         
DVI_TX_Top|I_rgb_clk     DVI_TX_Top|I_rgb_clk     |     13.104           |     No paths         |     No paths         |     No paths                         
=============================================================================================================================================================
 Note: 'No paths' indicates there are no paths in the design for that pair of clock edges.
       'Diff grp' indicates that paths exist but the starting clock and ending clock are in different clock groups.


Unconstrained Start/End Points
******************************

p:I_rgb_b[0]
p:I_rgb_b[1]
p:I_rgb_b[2]
p:I_rgb_b[3]
p:I_rgb_b[4]
p:I_rgb_b[5]
p:I_rgb_b[6]
p:I_rgb_b[7]
p:I_rgb_de
p:I_rgb_g[0]
p:I_rgb_g[1]
p:I_rgb_g[2]
p:I_rgb_g[3]
p:I_rgb_g[4]
p:I_rgb_g[5]
p:I_rgb_g[6]
p:I_rgb_g[7]
p:I_rgb_hs
p:I_rgb_r[0]
p:I_rgb_r[1]
p:I_rgb_r[2]
p:I_rgb_r[3]
p:I_rgb_r[4]
p:I_rgb_r[5]
p:I_rgb_r[6]
p:I_rgb_r[7]
p:I_rgb_vs
p:I_rst_n
p:O_tmds_clk_n
p:O_tmds_clk_p
p:O_tmds_data_n[0]
p:O_tmds_data_n[1]
p:O_tmds_data_n[2]
p:O_tmds_data_p[0]
p:O_tmds_data_p[1]
p:O_tmds_data_p[2]


Inapplicable constraints
************************

(none)


Applicable constraints with issues
**********************************

(none)


Constraints with matching wildcard expressions
**********************************************

(none)


Library Report
**************


# End of Constraint Checker Report
