---------------------------------------
Resource Usage Report for ivideo_dynamic_top 

Mapping to part: gw2a_18pbga484-8
Cell usage:
ALU             222 uses
CLKDIV          1 use
DFF             539 uses
DFFC            1353 uses
DFFCE           352 uses
DFFE            11 uses
DFFP            28 uses
DFFPE           25 uses
DFFR            9 uses
DFFS            5 uses
DHCEN           2 uses
GSR             1 use
INV             13 uses
MUX2_LUT5       12 uses
MUX2_LUT6       1 use
OSER8           5 uses
PLL             2 uses
RAM16SDP4       8 uses
SDPB            4 uses
SP              1 use
LUT2            225 uses
LUT3            251 uses
LUT4            425 uses

I/O ports: 24
I/O primitives: 19
IBUF           2 uses
IOBUF          10 uses
OBUF           2 uses
TLVDS_TBUF     5 uses

I/O Register bits:                  0
Register bits not including I/Os:   2322 of 15552 (14%)

RAM/ROM usage summary
Block Rams : 5 of 46 (10%)


@S |Mapping Summary:
Total  LUTs: 901 

